2026-08-09 16:49:15,647 - INFO - Application Started
2026-08-09 16:58:37,353 - INFO - Application Started
2026-08-24 00:12:01,239 - INFO - Application Started
2026-08-24 00:12:01,260 - INFO - Scanning folder...
2026-08-24 00:12:01,261 - INFO - Found 2 files
2026-08-24 00:12:22,131 - INFO - Application Started
2026-08-24 00:12:22,134 - INFO - Scanning folder...
2026-08-24 00:12:22,134 - INFO - Found 2 files
2026-08-24 00:16:28,974 - INFO - Application Started
2026-08-24 00:16:38,501 - INFO - Application Started
2026-08-24 23:35:16,347 - INFO - Application Started
2026-08-24 23:35:30,252 - INFO - Application Started
2026-08-29 15:54:52,316 - INFO - Application Started
2026-08-29 15:54:52,334 - INFO - Scanning folder...
2026-08-29 15:54:52,337 - ERROR - Folder not found
2026-08-29 15:55:58,154 - INFO - Application Started
2026-08-29 15:55:58,157 - INFO - Scanning folder...
2026-08-29 15:55:58,157 - INFO - Found 4 files
2026-08-29 15:55:58,158 - INFO - Executing rename plan
2026-08-29 15:55:58,163 - INFO - Execution complete
2026-08-29 15:57:57,778 - INFO - Application Started
2026-08-29 15:57:57,780 - INFO - Scanning folder...
2026-08-29 15:57:57,780 - INFO - Found 0 files
2026-08-29 15:57:57,781 - INFO - Executing rename plan
2026-08-29 15:57:57,782 - INFO - Execution complete
2026-08-29 15:58:25,347 - INFO - Application Started
